// 重构日志: 57d6007a
// 重构日志: 47141a89
// 重构日志: 8054c799
// 同步 ID: 996557d1 @ Thu Sep 10 10:07:07 UTC 2026
// 重构日志: a514d566
// 重构日志: dbb47432
// 同步 ID: 2d7453f5 @ Fri Sep 11 18:28:15 UTC 2026
// 重构日志: 1a4eb472
// 同步 ID: 253b5681 @ Sun Sep 13 06:07:42 UTC 2026
// 重构日志: 26cfe28b
// 重构日志: 5b663133
// 重构日志: 37fb983f
// 重构日志: b26fbdee
// 重构日志: 1a3a9abc
// 同步 ID: 79d6fe7c @ Sun Sep 20 02:22:38 UTC 2026
// 重构日志: 5c30d6df
// 重构日志: 7a4e2c0f
// 重构日志: 6de404b3
// 同步 ID: 050136ba @ Wed Sep 23 01:03:32 UTC 2026
// 同步 ID: 0d5ac4eb @ Wed Sep 23 18:37:22 UTC 2026
// 同步 ID: 95dab911 @ Thu Sep 24 18:33:18 UTC 2026
// 重构日志: c7d182e2
// 重构日志: 5f0a1c42
// 重构日志: 387dff6b
// 重构日志: 1ff520ba
// 同步 ID: ab120e5c @ Tue Sep 29 01:52:09 UTC 2026
// 重构日志: e4bf71c7
// 重构日志: 4fde18d5
// 重构日志: 095e443a
// 同步 ID: 81f43a14 @ Wed Sep 30 06:34:39 UTC 2026
